Alessandro@bazzite:~/Scaricati/platform-tools-latest-linux/platform-tools$ ./adb logcat --pid=$(./adb shell pidof -s org.jellyfin.mobile)
--------- beginning of main
10-03 19:39:35.599 19018 19018 I jellyfin.mobile: Using CollectorTypeCMC GC.
10-03 19:39:35.602 19018 19018 E jellyfin.mobile: Not starting debugger since process cannot load the jdwp agent.
10-03 19:39:35.604 19018 19018 D nativeloader: Load libframework-connectivity-tiramisu-jni.so using APEX ns com_android_tethering for caller /apex/com.android.tethering/javalib/framework-connectivity-t.jar: ok
10-03 19:39:35.606 19018 19018 D ActivityThread: setConscryptValidator
10-03 19:39:35.606 19018 19018 D ActivityThread: setConscryptValidator - put
10-03 19:39:35.615 19018 19018 D CompatChangeReporter: Compat change id reported: 242716250; UID 10353; state: ENABLED
10-03 19:39:35.626 19018 19018 W jellyfin.mobile: Failed to find entry 'classes.dex': Entry not found
10-03 19:39:35.626 19018 19018 W jellyfin.mobile: Failed to find entry 'classes.dex': Entry not found
10-03 19:39:35.627 19018 19018 D nativeloader: Configuring clns-9 for other apk /data/app/~~1k_lBFzqYdnRsBzrt9ojSQ==/org.jellyfin.mobile-GjzLwHYQjpNkjssxG65DyQ==/base.apk:/data/app/~~1k_lBFzqYdnRsBzrt9ojSQ==/org.jellyfin.mobile-GjzLwHYQjpNkjssxG65DyQ==/split_config.arm64_v8a.apk:/data/app/~~1k_lBFzqYdnRsBzrt9ojSQ==/org.jellyfin.mobile-GjzLwHYQjpNkjssxG65DyQ==/split_config.xhdpi.apk. target_sdk_version=34, uses_libraries=, library_path=/data/app/~~1k_lBFzqYdnRsBzrt9ojSQ==/org.jellyfin.mobile-GjzLwHYQjpNkjssxG65DyQ==/lib/arm64:/data/app/~~1k_lBFzqYdnRsBzrt9ojSQ==/org.jellyfin.mobile-GjzLwHYQjpNkjssxG65DyQ==/base.apk!/lib/arm64-v8a:/data/app/~~1k_lBFzqYdnRsBzrt9ojSQ==/org.jellyfin.mobile-GjzLwHYQjpNkjssxG65DyQ==/split_config.arm64_v8a.apk!/lib/arm64-v8a:/data/app/~~1k_lBFzqYdnRsBzrt9ojSQ==/org.jellyfin.mobile-GjzLwHYQjpNkjssxG65DyQ==/split_config.xhdpi.apk!/lib/arm64-v8a, permitted_path=/data:/mnt/expand:/data/user/0/org.jellyfin.mobile
10-03 19:39:35.632 19018 19018 V GraphicsEnvironment: Currently set values for:
10-03 19:39:35.632 19018 19018 V GraphicsEnvironment:   angle_gl_driver_selection_pkgs=[]
10-03 19:39:35.632 19018 19018 V GraphicsEnvironment:   angle_gl_driver_selection_values=[]
10-03 19:39:35.632 19018 19018 V GraphicsEnvironment: org.jellyfin.mobile is not listed in per-application setting
10-03 19:39:35.632 19018 19018 V GraphicsEnvironment: ANGLE allowlist from config: 
10-03 19:39:35.632 19018 19018 V GraphicsEnvironment: org.jellyfin.mobile is not listed in ANGLE allowlist or settings, returning default
10-03 19:39:35.632 19018 19018 V GraphicsEnvironment: App is not on the allowlist for updatable production driver.
--------- beginning of system
10-03 19:39:35.641 19018 19018 D ActivityThread: org.jellyfin.mobile will use render engine as VK
10-03 19:39:35.641 19018 19018 D HWUI    : HWUI - treat SMPTE_170M as sRGB
10-03 19:39:35.642 19018 19036 I DisplayManager: Choreographer implicitly registered for the refresh rate.
10-03 19:39:35.643 19018 19036 D HWUI    : CacheManager constructor. deviceInfo=(1080, 1920)
10-03 19:39:35.646 19018 19018 E jellyfin.mobile: hiddenapi: Accessing hidden field Ljava/util/Collections$SynchronizedCollection;->mutex:Ljava/lang/Object; (runtime_flags=0, domain=core-platform, api=max-target-o) from Lj$/util/DesugarCollections; (domain=app) using reflection: denied
10-03 19:39:35.646 19018 19018 E jellyfin.mobile: hiddenapi: Accessing hidden method Ljava/util/Collections$SynchronizedSet;-><init>(Ljava/util/Set;Ljava/lang/Object;)V (runtime_flags=0, domain=core-platform, api=max-target-o) from Lj$/util/DesugarCollections; (domain=app) using reflection: denied
10-03 19:39:35.646 19018 19018 E jellyfin.mobile: hiddenapi: Accessing hidden method Ljava/util/Collections$SynchronizedCollection;-><init>(Ljava/util/Collection;Ljava/lang/Object;)V (runtime_flags=0, domain=core-platform, api=max-target-o) from Lj$/util/DesugarCollections; (domain=app) using reflection: denied
10-03 19:39:35.647 19018 19018 D AppCompatDelegate: Checking for metadata for AppLocalesMetadataHolderService : Service not found
10-03 19:39:35.649 19018 19018 E ashmem  : Pinning is deprecated since Android Q. Please use trim or other methods.
10-03 19:39:35.666 19018 19018 D DesktopModeFlags: Toggle override initialized to: OVERRIDE_UNSET
10-03 19:39:35.667 19018 19018 I DecorView: setWindowBackground: isPopOver=false color=ff101010 d=android.graphics.drawable.ColorDrawable@887ce1e
10-03 19:39:35.674 19018 19018 I WebViewFactory: Loading com.google.android.webview version 141.0.7390.43 (code 739004343)
10-03 19:39:35.675 19018 19018 V ResourcesManager: The following library key has been added: ResourcesKey{ mHash=64bf9f42 mResDir=null mSplitDirs=[] mOverlayDirs=[] mLibDirs=[/data/app/~~iNI07eS8ENNKl4OmblvcPQ==/com.google.android.webview-4Xm70sdTeZCAbsKVShwDjw==/base.apk,/data/app/~~wwLEyyyHj5xtiiwcx4Jryg==/com.google.android.trichromelibrary_739004343-omDSUvsQG5GIF7gPjVO-mQ==/base.apk,/system_ext/framework/androidx.window.extensions.jar] mDisplayId=0 mOverrideConfig=v36 mCompatInfo={280dpi always-compat} mLoaders=[]}
10-03 19:39:35.676 19018 19018 W jellyfin.mobile: Failed to find entry 'classes.dex': Entry not found
10-03 19:39:35.677 19018 19018 D nativeloader: Configuring clns-10 for other apk /data/app/~~wwLEyyyHj5xtiiwcx4Jryg==/com.google.android.trichromelibrary_739004343-omDSUvsQG5GIF7gPjVO-mQ==/base.apk. target_sdk_version=36, uses_libraries=ALL, library_path=/data/app/~~iNI07eS8ENNKl4OmblvcPQ==/com.google.android.webview-4Xm70sdTeZCAbsKVShwDjw==/lib/arm64:/data/app/~~iNI07eS8ENNKl4OmblvcPQ==/com.google.android.webview-4Xm70sdTeZCAbsKVShwDjw==/base.apk!/lib/arm64-v8a:/data/app/~~wwLEyyyHj5xtiiwcx4Jryg==/com.google.android.trichromelibrary_739004343-omDSUvsQG5GIF7gPjVO-mQ==/base.apk!/lib/arm64-v8a, permitted_path=/data:/mnt/expand
10-03 19:39:35.677 19018 19018 D nativeloader: Extending system_exposed_libraries: libhumantracking.arcsoft.so:libface_recognition.arcsoft.so:libpic_best.arcsoft.so:libPortraitDistortionCorrection.arcsoft.so:libPortraitDistortionCorrectionCali.arcsoft.so:libface_landmark.arcsoft.so:libFacialStickerEngine.arcsoft.so:libfrtracking_engine.arcsoft.so:libFaceRecognition.arcsoft.so:libveengine.arcsoft.so:libae_bracket_hdr.arcsoft.so:libhybrid_high_dynamic_range.arcsoft.so:libimage_enhancement.arcsoft.so:liblow_light_hdr.arcsoft.so:libhigh_dynamic_range.arcsoft.so:libFacialAttributeDetection.arcsoft.so:libobjectcapture_jni.arcsoft.so:libobjectcapture.arcsoft.so:libmultisourceseparator.audio.samsung.so:libaudiomirroring_jni.audiomirroring.samsung.so:libBeauty_v4.camera.samsung.so:libexifa.camera.samsung.so:libjpega.camera.samsung.so:libOpenCv.camera.samsung.so:libaifrcInterface.camera.samsung.so:libC2paDps.camera.samsung.so:libVideoClassifier.camera.samsung.so:libImageScreener.camera.samsung.so:libMyFilter.camera.samsung.so:libtflite2.myfilters.camera.samsung.so
10-03 19:39:35.677 19018 19018 D ApplicationLoaders: Returning zygote-cached class loader: /system_ext/framework/androidx.window.extensions.jar
10-03 19:39:35.680 19018 19018 I jellyfin.mobile: Failed to add image file: Dex cache count and dex file count mismatch while trying to initialize from image
10-03 19:39:35.682 19018 19018 D nativeloader: Configuring clns-11 for other apk /data/app/~~iNI07eS8ENNKl4OmblvcPQ==/com.google.android.webview-4Xm70sdTeZCAbsKVShwDjw==/base.apk. target_sdk_version=36, uses_libraries=, library_path=/data/app/~~iNI07eS8ENNKl4OmblvcPQ==/com.google.android.webview-4Xm70sdTeZCAbsKVShwDjw==/lib/arm64:/data/app/~~iNI07eS8ENNKl4OmblvcPQ==/com.google.android.webview-4Xm70sdTeZCAbsKVShwDjw==/base.apk!/lib/arm64-v8a:/data/app/~~wwLEyyyHj5xtiiwcx4Jryg==/com.google.android.trichromelibrary_739004343-omDSUvsQG5GIF7gPjVO-mQ==/base.apk!/lib/arm64-v8a, permitted_path=/data:/mnt/expand
10-03 19:39:35.700 19018 19018 I cr_WVCFactoryProvider: version=141.0.7390.43 (739004343) minSdkVersion=29 multiprocess=true packageId=2 splits=config.arm64_v8a,config.xhdpi
10-03 19:39:35.702 19018 19018 D nativeloader: Load /data/app/~~wwLEyyyHj5xtiiwcx4Jryg==/com.google.android.trichromelibrary_739004343-omDSUvsQG5GIF7gPjVO-mQ==/base.apk!/lib/arm64-v8a/libmonochrome_64.so using class loader ns clns-11 (caller=/data/app/~~iNI07eS8ENNKl4OmblvcPQ==/com.google.android.webview-4Xm70sdTeZCAbsKVShwDjw==/base.apk): ok
10-03 19:39:35.704 19018 19018 D nativeloader: Load /system/lib64/libwebviewchromium_plat_support.so using class loader ns clns-11 (caller=/data/app/~~iNI07eS8ENNKl4OmblvcPQ==/com.google.android.webview-4Xm70sdTeZCAbsKVShwDjw==/base.apk): ok
10-03 19:39:35.708 19018 19053 E chromium: [1003/193935.707656:ERROR:android_webview/browser/variations/variations_seed_loader.cc:39] Seed missing signature.
10-03 19:39:35.710 19018 19018 I cr_LibraryLoader: Successfully loaded native library
10-03 19:39:35.711 19018 19018 I cr_CachingUmaRecorder: Flushed 15 samples from 15 histograms, 0 samples were dropped.
10-03 19:39:35.721 19018 19018 W System.err: SLF4J: No SLF4J providers were found.
10-03 19:39:35.721 19018 19018 W System.err: SLF4J: Defaulting to no-operation (NOP) logger implementation
10-03 19:39:35.721 19018 19018 W System.err: SLF4J: See https://www.slf4j.org/codes.html#noProviders for further details.
10-03 19:39:35.727 19018 19018 V MediaRouter: Audio routes updated: AudioRoutesInfo{ type=SPEAKER, bluetoothName=Xiaomi Buds 5 }, a2dp=true
10-03 19:39:35.728 19018 19018 V MediaRouter: Selecting route: RouteInfo{ name=Xiaomi Buds 5, description=Audio Bluetooth, status=null, category=RouteCategory{ name=Sistema types=ROUTE_TYPE_LIVE_AUDIO ROUTE_TYPE_LIVE_VIDEO  groupable=false }, supportedTypes=ROUTE_TYPE_LIVE_AUDIO , presentationDisplay=null }
10-03 19:39:35.728 19018 19018 I MediaRouter: Skip setBluetoothA2dpOn(): types=1, isPlaybackActive()=false, BT route=RouteInfo{ name=Xiaomi Buds 5, description=Audio Bluetooth, status=null, category=RouteCategory{ name=Sistema types=ROUTE_TYPE_LIVE_AUDIO ROUTE_TYPE_LIVE_VIDEO  groupable=false }, supportedTypes=ROUTE_TYPE_LIVE_AUDIO , presentationDisplay=null }
10-03 19:39:35.729 19018 19018 I GlobalMediaRouter: Found default route: MediaRouter.RouteInfo{ uniqueId=DEFAULT_ROUTE, name=Tablet, description=null, iconUri=null, enabled=true, isSystemRoute=true, connectionState=0, canDisconnect=false, playbackType=0, playbackStream=3, deviceType=0, volumeHandling=1, volume=5, volumeMax=15, presentationDisplayId=-1, extras=null, settingsIntent=null, providerPackageName=android }
10-03 19:39:35.729 19018 19018 I GlobalMediaRouter: Found bluetooth route: MediaRouter.RouteInfo{ uniqueId=ROUTE_4becaabc, name=Xiaomi Buds 5, description=Audio Bluetooth, iconUri=null, enabled=true, isSystemRoute=true, connectionState=0, canDisconnect=false, playbackType=0, playbackStream=3, deviceType=3, volumeHandling=1, volume=5, volumeMax=15, presentationDisplayId=-1, extras=null, settingsIntent=null, providerPackageName=android }
10-03 19:39:35.729 19018 19018 I GlobalMediaRouter: Unselecting the current route because it is no longer selectable: null
10-03 19:39:35.735 19018 19018 I DynamiteModule: Considering local module com.google.android.gms.cast.framework.dynamite:0 and remote module com.google.android.gms.cast.framework.dynamite:253931000
10-03 19:39:35.735 19018 19018 I DynamiteModule: Selected remote version of com.google.android.gms.cast.framework.dynamite, version >= 253931000
10-03 19:39:35.735 19018 19018 V DynamiteModule: Dynamite loader version >= 2, using loadModule2NoCrashUtils
10-03 19:39:35.737 19018 19018 W System  : ClassLoader referenced unknown path: 
10-03 19:39:35.737 19018 19018 D nativeloader: Configuring clns-12 for other apk . target_sdk_version=36, uses_libraries=, library_path=/data/app/~~hCR4WcStOl4fVZ1nUibD3Q==/com.google.android.gms-kJeK2Lwmld3xryg8Ew0s-A==/lib/arm64:/data/app/~~hCR4WcStOl4fVZ1nUibD3Q==/com.google.android.gms-kJeK2Lwmld3xryg8Ew0s-A==/base.apk!/lib/arm64-v8a, permitted_path=/data:/mnt/expand:/data/user/0/com.google.android.gms
10-03 19:39:35.750 19018 19018 I CastDynamiteModuleImpl: se created by ClassLoader dalvik.system.DelegateLastClassLoader[DexPathList[[zip file "/data/app/~~hCR4WcStOl4fVZ1nUibD3Q==/com.google.android.gms-kJeK2Lwmld3xryg8Ew0s-A==/split_DynamiteModulesC_installtime.apk"],nativeLibraryDirectories=[/data/app/~~hCR4WcStOl4fVZ1nUibD3Q==/com.google.android.gms-kJeK2Lwmld3xryg8Ew0s-A==/split_DynamiteModulesC_installtime.apk!/lib/arm64-v8a, /system/lib64, /system_ext/lib64]]].
10-03 19:39:35.755 19018 19018 I AppVisibilityProxy: onAppEnteredForeground
10-03 19:39:35.757 19018 19018 D SensorManager: registerListener :: 1, LSM6DSVTR Accelerometer, 200000, 0, 
10-03 19:39:35.758 19018 19018 W WindowOnBackDispatcher: OnBackInvokedCallback is not enabled for the application.
10-03 19:39:35.758 19018 19018 W WindowOnBackDispatcher: Set 'android:enableOnBackInvokedCallback="true"' in the application manifest.
10-03 19:39:35.761 19018 19018 D ViewRootImpl: desktopMode is false
10-03 19:39:35.761 19018 19018 I ViewRootImpl: dVRR is disabled
10-03 19:39:35.761 19018 19018 D HardwareRenderer: onDisplayChanged. displayId=0 current wxh=2960x1848 mLargest wxh=0x0
10-03 19:39:35.761 19018 19018 D HardwareRenderer: Set largestWidth and largestHeight as logical resolution. (2960x1848)
10-03 19:39:35.761 19018 19036 D HWUI    : setMaxSurfaceArea requested wxh=(2960,1848) requestedSurfaceArea(5470080) mMaxSurfaceArea(2073600)
10-03 19:39:35.762 19018 19036 D NativeCustomFrequencyManager: [NativeCFMS] BpCustomFrequencyManager::BpCustomFrequencyManager()
10-03 19:39:35.765 19018 19018 D InputTransport: Input channel constructed: 'e8dc50e', fd=155
10-03 19:39:35.765 19018 19018 I InsetsController: onStateChanged: host=org.jellyfin.mobile/org.jellyfin.mobile.MainActivity, from=android.view.ViewRootImpl.onInsetsStateChanged:3026, state=InsetsState: {mDisplayFrame=Rect(0, 0 - 2960, 1848), mDisplayCutout=DisplayCutout{insets=Rect(0, 28 - 0, 0) waterfall=Insets{left=0, top=0, right=0, bottom=0} boundingRect={Bounds=[Rect(0, 0 - 0, 0), Rect(1387, 0 - 1573, 28), Rect(0, 0 - 0, 0), Rect(0, 0 - 0, 0)]} cutoutPathParserInfo={CutoutPathParserInfo{displayWidth=1848 displayHeight=2960 physicalDisplayWidth=1848 physicalDisplayHeight=2960 density={1.75} cutoutSpec={M 0,845.7142857142857 v -53.14285714285714 h -16 v 106.2857142857143 z @right @bind_right_cutout @dp} rotation={1} scale={1.0} physicalPixelDisplaySizeRatio={1.0}}} sideOverrides={}}, mRoundedCorners=RoundedCorners{[RoundedCorner{position=TopLeft, radius=35, center=Point(35, 35)}, RoundedCorner{position=TopRight, radius=35, center=Point(2925, 35)}, RoundedCorner{position=BottomRight, radius=35, center=Point(2925, 1813)}, RoundedCorner{position=BottomLeft, radius=35, center=Point(35, 1813)}]}  mRoundedCornerFrame=Rect(0, 0 - 2960, 1848), mPrivacyIndicatorBounds=PrivacyIndicatorBounds {static bounds=Rect(2883, 0 - 2960, 53) rotation=1}, mDisplayShape=DisplayShape{ spec=-311912193 displayWidth=1848 displayHeight=2960 physicalPixelDisplaySizeRatio=1.0 rotation=1 offsetX=0 offsetY=0 scale=1.0}, mSources= { InsetsSource: {dcd40000 mType=statusBars mFrame=[0,0][2960,53] mVisible=true mFlags= mSideHint=TOP mBoundingRects=null}, InsetsSource: {dcd40005 mType=mandatorySystemGestures mFrame=[0,0][2960,53] mVisible=true mFlags= mSideHint=TOP mBoundingRects=null}, InsetsSource: {dcd40006 mType=tappableElement mFrame=[0,0][2960,53] mVisible=true mFlags= mSideHint=TOP mBoundingRects=null}, InsetsSource: {f29e0001 mType=navigationBars mFrame=[0,1822][2960,1848] mVisible=true mFlags= mSideHint=BOTTOM mBoundingRects=null}, InsetsSource: {f29e0004 mType=systemGestures mFrame=[0,0][52,1848] mVisible=true mFlags= mSideHint=LEFT mBoundingRects=null}, InsetsSource: {f29e0005 mType=mandatorySystemGestures mFrame=[0,1792][2960,1848] mVisible=true mFlags= mSideHint=BOTTOM mBoundingRects=null}, InsetsSource: {f29e0006 mType=tappableElement mFrame=[0,1822][2960,1848] mVisible=true mFlags= mSideHint=BOTTOM mBoundingRects=null}, InsetsSource: {f29e0024 mType=systemGestures mFrame=[2908,0][2960,1848] mVisible=true mFlags= mSideHint=RIGHT mBoundingRects=null}, InsetsSource: {3 mType=ime mFrame=[0,0][0,0] mVisible=false mFlags= mSideHint=NONE mBoundingRects=null}, InsetsSource: {27 mType=displayCutout mFrame=[0,0][2960,28] mVisible=true mFlags= mSideHint=TOP mBoundingRects=null} }
10-03 19:39:35.766 19018 19018 I VRI[MainActivity]@69782ee: synced displayState. AttachInfo displayState=2
10-03 19:39:35.766 19018 19018 I VRI[MainActivity]@69782ee: setView = com.android.internal.policy.DecorView@5fcdffa IsHRR=false mFlingFrameRateChange=0 TM=true
10-03 19:39:35.766 19018 19018 I IDS_TAG : Starting IDS observe window
10-03 19:39:35.766 19018 19018 I IDS_TAG : Getting Shared Preference for org.jellyfin.mobile.JellyfinApplication@5bcbf58 uid = 10353
10-03 19:39:35.768 19018 19018 I IDS_TAG : App org.jellyfin.mobile.JellyfinApplication@5bcbf58 being boosted by IDS
10-03 19:39:35.768 19018 19018 I IDS_TAG : Closing IDS observe window
10-03 19:39:35.768 19018 19018 I IDS_TAG : Getting Shared Preference for org.jellyfin.mobile.JellyfinApplication@5bcbf58 uid = 10353
10-03 19:39:35.771 19018 19018 E jellyfin.mobile: [perfctl] 19018 19018 FPSGO ver:0
10-03 19:39:35.771 19018 19018 E jellyfin.mobile: [perfctl] 0 0 0 0
10-03 19:39:35.771 19018 19018 D BufferQueueConsumer: [](id:4a4a00000000,api:0,p:-1,c:19018) connect: controlledByApp=false
10-03 19:39:35.771 19018 19018 I BLASTBufferQueue: [VRI[MainActivity]@69782ee#0](f:0,a:0,s:0) constructor()
10-03 19:39:35.772 19018 19018 I BLASTBufferQueue_Java: new BLASTBufferQueue, mName= VRI[MainActivity]@69782ee mNativeObject= 0xb4000071abc38220 caller= android.view.ViewRootImpl.updateBlastSurfaceIfNeeded:3585 android.view.ViewRootImpl.relayoutWindow:11685 android.view.ViewRootImpl.performTraversals:4804 android.view.ViewRootImpl.doTraversal:3924 android.view.ViewRootImpl$TraversalRunnable.run:12903 android.view.Choreographer$CallbackRecord.run:1901 android.view.Choreographer$CallbackRecord.run:1910 android.view.Choreographer.doCallbacks:1367 android.view.Choreographer.doFrame:1292 android.view.Choreographer$FrameDisplayEventReceiver.run:1870 
10-03 19:39:35.772 19018 19018 I BLASTBufferQueue_Java: update, w= 2960 h= 1848 mName = VRI[MainActivity]@69782ee mNativeObject= 0xb4000071abc38220 sc.mNativeObject= 0xb40000701bc462d0 format= -1 caller= android.view.ViewRootImpl.updateBlastSurfaceIfNeeded:3590 android.view.ViewRootImpl.relayoutWindow:11685 android.view.ViewRootImpl.performTraversals:4804 android.view.ViewRootImpl.doTraversal:3924 android.view.ViewRootImpl$TraversalRunnable.run:12903 android.view.Choreographer$CallbackRecord.run:1901 
10-03 19:39:35.772 19018 19018 I BLASTBufferQueue: [VRI[MainActivity]@69782ee#0](f:0,a:0,s:0) update width=2960 height=1848 format=-1 mTransformHint=0
10-03 19:39:35.772 19018 19018 I VRI[MainActivity]@69782ee: Relayout returned: old=(0,0,2960,1848) new=(0,0,2960,1848) relayoutAsync=false req=(2960,1848)0 dur=2 res=0x3 s={true 0xb40000720bc60fc0} ch=true seqId=0
10-03 19:39:35.772 19018 19018 I VRI[MainActivity]@69782ee: performConfigurationChange setNightDimText nightDimLevel=0
10-03 19:39:35.772 19018 19018 D VRI[MainActivity]@69782ee: mThreadedRenderer.initialize() mSurface={isValid=true 0xb40000720bc60fc0} hwInitialized=true
10-03 19:39:35.773 19018 19018 D VRI[MainActivity]@69782ee: reportNextDraw android.view.ViewRootImpl.performTraversals:5443 android.view.ViewRootImpl.doTraversal:3924 android.view.ViewRootImpl$TraversalRunnable.run:12903 android.view.Choreographer$CallbackRecord.run:1901 android.view.Choreographer$CallbackRecord.run:1910 
10-03 19:39:35.773 19018 19018 D VRI[MainActivity]@69782ee: Setup new sync=wmsSync-VRI[MainActivity]@69782ee#0
10-03 19:39:35.773 19018 19018 I VRI[MainActivity]@69782ee: Creating new active sync group VRI[MainActivity]@69782ee#1
10-03 19:39:35.774 19018 19018 D VRI[MainActivity]@69782ee: registerCallbacksForSync syncBuffer=false
10-03 19:39:35.774 19018 19070 D VRI[MainActivity]@69782ee: Received frameDrawingCallback syncResult=0 frameNum=1.
10-03 19:39:35.774 19018 19070 I VRI[MainActivity]@69782ee: mWNT: t=0xb4000070cbca41d0 mBlastBufferQueue=0xb4000071abc38220 fn= 1 HdrRenderState mRenderHdrSdrRatio=1.0 caller= android.view.ViewRootImpl$12.onFrameDraw:15441 android.view.ThreadedRenderer$1.onFrameDraw:718 <bottom of call stack> 
10-03 19:39:35.775 19018 19070 I VRI[MainActivity]@69782ee: Setting up sync and frameCommitCallback
10-03 19:39:35.776 19018 19036 D jellyfin.mobile: Can't load libmbrainSDK
10-03 19:39:35.776 19018 19036 D jellyfin.mobile: initMbrain failed
10-03 19:39:35.779 19018 19036 I BLASTBufferQueue: [VRI[MainActivity]@69782ee#0](f:0,a:0,s:0) onFrameAvailable the first frame is available
10-03 19:39:35.779 19018 19036 I GrallocExtra: gralloc_extra_query:is_SW3D 0
10-03 19:39:35.779 19018 19036 I BLASTBufferQueue: [VRI[MainActivity]@69782ee#0](f:0,a:1,s:0) acquireNextBufferLocked size=2960x1848 mFrameNumber=1 applyTransaction=true mTimestamp=11923766812863(auto) mPendingTransactions.size=0 graphicBufferId=81681688035328 transform=0
10-03 19:39:35.779 19018 19036 D jellyfin.mobile: Can't load libmbrainSDK
10-03 19:39:35.779 19018 19036 D jellyfin.mobile: initMbrain failed
10-03 19:39:35.779 19018 19036 I VRI[MainActivity]@69782ee: Received frameCommittedCallback lastAttemptedDrawFrameNum=1 didProduceBuffer=true
10-03 19:39:35.780 19018 19036 D HWUI    : CFMS:: SetUp Pid : 19018    Tid : 19036
10-03 19:39:35.780 19018 19018 D VRI[MainActivity]@69782ee: reportDrawFinished seqId=0
10-03 19:39:35.783 19018 19018 V MediaRouter: Selecting route: RouteInfo{ name=Xiaomi Buds 5, description=Audio Bluetooth, status=null, category=RouteCategory{ name=Sistema types=ROUTE_TYPE_LIVE_AUDIO ROUTE_TYPE_LIVE_VIDEO  groupable=false }, supportedTypes=ROUTE_TYPE_LIVE_AUDIO , presentationDisplay=null }
10-03 19:39:35.786 19018 19018 I cr_CombinedPProvider: #registerProvider() provider:WV.bk@297b36 isPolicyCacheEnabled:false policyProvidersSize:0
10-03 19:39:35.787 19018 19018 I cr_PolicyProvider: #setManagerAndSource() 0
10-03 19:39:35.795 19018 19018 I cr_CombinedPProvider: #linkNativeInternal() 1
10-03 19:39:35.796 19018 19018 I cr_AppResProvider: #getApplicationRestrictionsFromUserManager() Bundle[EMPTY_PARCEL]
10-03 19:39:35.796 19018 19018 I cr_PolicyProvider: #notifySettingsAvailable() 0
10-03 19:39:35.796 19018 19018 I cr_CombinedPProvider: #onSettingsAvailable() 0
10-03 19:39:35.796 19018 19018 I cr_CombinedPProvider: #flushPolicies()
10-03 19:39:35.816 19018 19018 W chromium: [WARNING:android_webview/browser/network_service/net_helpers.cc:143] HTTP Cache size is: 176077754
10-03 19:39:35.823 19018 19036 D HWUI    : HWUI - treat SMPTE_170M as sRGB
10-03 19:39:35.823 19018 19018 I MediaRouterProxy: Set up output switcher flags: true (from module), true (from CastOptions)
10-03 19:39:35.823 19018 19018 I MediaRouterProxy: media transfer = true, session transfer = true, transfer to local = false, in-app output switcher = false
10-03 19:39:35.824 19018 19113 I CameraManagerGlobal: Connecting to camera service
10-03 19:39:35.825 19018 19113 D VendorTagDescriptor: addVendorDescriptor: vendor tag id 8932615658386372252 added
10-03 19:39:35.827 19018 19018 W AudioCapabilities: Unsupported mediaType audio/x-ima
10-03 19:39:35.827 19018 19018 W AudioCapabilities: Unsupported mediaType audio/mpeg-L1
10-03 19:39:35.827 19018 19018 W AudioCapabilities: Unsupported mediaType audio/mpeg-L2
10-03 19:39:35.827 19018 19018 W VideoCapabilities: Unsupported mime video/wvc1
10-03 19:39:35.828 19018 19018 W VideoCapabilities: Unsupported mime video/x-ms-wmv
10-03 19:39:35.829 19018 19113 I CameraManager: registerAvailabilityCallback: Is device callback = false
10-03 19:39:35.829 19018 19018 W AudioCapabilities: Unsupported mediaType audio/iamf
10-03 19:39:35.829 19018 19027 I CameraManagerGlobal: Camera 0 facing CAMERA_FACING_BACK state now CAMERA_STATE_CLOSED for client android.system API Level 2 User Id 0Device Id 0
10-03 19:39:35.829 19018 19113 I CameraManagerGlobal: postSingleUpdate device: camera id 0 status STATUS_PRESENT
10-03 19:39:35.829 19018 19113 I CameraManagerGlobal: postSingleUpdate device: camera id 1 status STATUS_PRESENT
10-03 19:39:35.829 19018 19113 I CameraManagerGlobal: postSingleUpdate device: camera id 2 status STATUS_PRESENT
10-03 19:39:35.829 19018 19113 I CameraManagerGlobal: postSingleUpdate device: camera id 3 status STATUS_PRESENT
10-03 19:39:35.830 19018 19027 I CameraManagerGlobal: Camera 1 facing CAMERA_FACING_FRONT state now CAMERA_STATE_CLOSED for client android.system API Level 2 User Id 0Device Id 0
10-03 19:39:35.830 19018 19027 I CameraManagerGlobal: Camera 2 facing CAMERA_FACING_BACK state now CAMERA_STATE_CLOSED for client android.system API Level 2 User Id 0Device Id 0
10-03 19:39:35.830 19018 19027 I CameraManagerGlobal: Camera 3 facing CAMERA_FACING_FRONT state now CAMERA_STATE_CLOSED for client android.system API Level 2 User Id 0Device Id 0
10-03 19:39:35.830 19018 19027 I CameraManagerGlobal: Camera 4 facing CAMERA_FACING_FRONT state now CAMERA_STATE_CLOSED for client android.system API Level 2 User Id 0Device Id 0
10-03 19:39:35.830 19018 19027 I CameraManagerGlobal: Camera 56 facing CAMERA_FACING_BACK state now CAMERA_STATE_CLOSED for client android.system API Level 2 User Id 0Device Id 0
10-03 19:39:35.830 19018 19118 I CameraManagerGlobal: Camera 58 facing CAMERA_FACING_BACK state now CAMERA_STATE_CLOSED for client android.system API Level 2 User Id 0Device Id 0
10-03 19:39:35.831 19018 19018 W VideoCapabilities: Unsupported mime image/vnd.android.heic
10-03 19:39:35.831 19018 19018 W VideoCapabilities: Unsupported mime image/vnd.android.heic
10-03 19:39:35.831 19018 19115 D TransportRuntime.JobInfoScheduler: Upload for context TransportContext(cct, VERY_LOW, MSRodHRwczovL2ZpcmViYXNlbG9nZ2luZy5nb29nbGVhcGlzLmNvbS92MGNjL2xvZy9iYXRjaD9mb3JtYXQ9anNvbl9wcm90bzNc) is already scheduled. Returning...
10-03 19:39:35.832 19018 19018 W VideoCapabilities: Unrecognized profile/level 32768/256 for video/mp4v-es
10-03 19:39:35.835 19018 19018 W AudioCapabilities: Unsupported mime audio/x-ima
10-03 19:39:35.835 19018 19018 W AudioCapabilities: Unsupported mime audio/mpeg-L1
10-03 19:39:35.835 19018 19018 W AudioCapabilities: Unsupported mime audio/mpeg-L2
10-03 19:39:35.835 19018 19018 W VideoCapabilities: Unsupported mime video/wvc1
10-03 19:39:35.835 19018 19018 W VideoCapabilities: Unsupported mime video/wvc1
10-03 19:39:35.835 19018 19018 W VideoCapabilities: Unsupported mime video/x-ms-wmv
10-03 19:39:35.835 19018 19018 W AudioCapabilities: Unsupported mime audio/iamf
10-03 19:39:35.836 19018 19018 W VideoCapabilities: Unsupported mime image/vnd.android.heic
10-03 19:39:35.836 19018 19018 W VideoCapabilities: Unsupported mime image/vnd.android.heic
10-03 19:39:35.836 19018 19018 W VideoCapabilities: Unsupported mime image/vnd.android.heic
10-03 19:39:35.836 19018 19018 W VideoCapabilities: Unsupported mime image/vnd.android.heic
10-03 19:39:35.836 19018 19018 W VideoCapabilities: Unrecognized profile/level 32768/256 for video/mp4v-es
10-03 19:39:35.868 19018 19018 I WebViewUtilsKt: WebView user agent is Mozilla/5.0 (Linux; Android 16; SM-X920 Build/BP2A.250605.031.A3; wv) AppleWebKit/537.36 (KHTML, like Gecko) Version/4.0 Chrome/141.0.7390.43 Safari/537.36, detected version is 141
10-03 19:39:35.873 19018 19099 I BluetoothAdapter: BluetoothAdapter() : org.jellyfin.mobile
10-03 19:39:35.874 19018 19126 W libc    : Access denied finding property "vendor.debug.forcibly_enable_mfrc"
10-03 19:39:35.874 19018 19126 D vulkan  : searching for layers in '/data/app/~~1k_lBFzqYdnRsBzrt9ojSQ==/org.jellyfin.mobile-GjzLwHYQjpNkjssxG65DyQ==/lib/arm64'
10-03 19:39:35.874 19018 19126 D vulkan  : searching for layers in '/data/app/~~1k_lBFzqYdnRsBzrt9ojSQ==/org.jellyfin.mobile-GjzLwHYQjpNkjssxG65DyQ==/base.apk!/lib/arm64-v8a'
10-03 19:39:35.874 19018 19126 D vulkan  : searching for layers in '/data/app/~~1k_lBFzqYdnRsBzrt9ojSQ==/org.jellyfin.mobile-GjzLwHYQjpNkjssxG65DyQ==/split_config.arm64_v8a.apk!/lib/arm64-v8a'
10-03 19:39:35.875 19018 19126 D vulkan  : searching for layers in '/data/app/~~1k_lBFzqYdnRsBzrt9ojSQ==/org.jellyfin.mobile-GjzLwHYQjpNkjssxG65DyQ==/split_config.xhdpi.apk!/lib/arm64-v8a'
10-03 19:39:35.875 19018 19126 W libc    : Access denied finding property "vendor.debug.forcibly_enable_mfrc"
10-03 19:39:35.890 19018 19018 I InsetsSourceConsumer: applyRequestedVisibilityToControl: visible=true, type=navigationBars, host=org.jellyfin.mobile/org.jellyfin.mobile.MainActivity
10-03 19:39:35.890 19018 19018 I InsetsSourceConsumer: applyRequestedVisibilityToControl: visible=true, type=statusBars, host=org.jellyfin.mobile/org.jellyfin.mobile.MainActivity
10-03 19:39:35.891 19018 19018 D VRI[MainActivity]@69782ee: mThreadedRenderer.initializeIfNeeded()#2 mSurface={isValid=true 0xb40000720bc60fc0}
10-03 19:39:35.892 19018 19018 D InputMethodManagerUtils: startInputInner - Id : 0
10-03 19:39:35.892 19018 19018 I InputMethodManager: startInputInner - IInputMethodManagerGlobalInvoker.startInputOrWindowGainedFocus
10-03 19:39:35.893 19018 19018 W MR2Provider: setDynamicRouteDescriptors: No matching routeController found. routingController=RoutingController{ id=com.android.server.media/.SystemMediaRoute2Provider2:SYSTEM_SESSION, selectedRoutes={[com.android.server.media/.SystemMediaRoute2Provider2:DEFAULT_ROUTE]}, selectableRoutes={[]}, deselectableRoutes={[]} }
10-03 19:39:35.893 19018 19018 W MR2Provider: setDynamicRouteDescriptors: No matching routeController found. routingController=RoutingController{ id=com.android.server.media/.SystemMediaRoute2Provider2:SYSTEM_SESSION, selectedRoutes={[com.android.server.media/.SystemMediaRoute2Provider2:DEFAULT_ROUTE]}, selectableRoutes={[]}, deselectableRoutes={[]} }
10-03 19:39:35.896 19018 19018 I InputMethodManager: handleMessage: setImeVisibility visible=false
10-03 19:39:35.896 19018 19018 D InsetsController: hide(ime(), fromIme=false)
10-03 19:39:35.896 19018 19018 I ImeTracker: org.jellyfin.mobile:80af1: onCancelled at PHASE_CLIENT_ALREADY_HIDDEN
10-03 19:39:35.896 19018 19057 D InputTransport: Input channel constructed: 'ClientS', fd=265
10-03 19:39:37.455 19018 19090 D CompatChangeReporter: Compat change id reported: 263076149; UID 10353; state: ENABLED
10-03 19:39:37.482 19018 19018 I View    : setRequestedFrameRate frameRate=-4.0, this=android.webkit.WebView{236f58a VFEDHVC.. ......I. 0,53-2960,1822 #7f0a02d3 app:id/web_view}, caller=android.view.ViewGroup.setRequestedFrameRate:9952 WV.ef.b:1 WV.fg.h:118 WV.fg.onDraw:7 com.android.webview.chromium.WebViewChromium.onDraw:35 
10-03 19:39:37.496 19018 19018 I BLASTBufferQueue_Java: update, w= 2960 h= 1848 mName = VRI[MainActivity]@69782ee mNativeObject= 0xb4000071abc38220 sc.mNativeObject= 0xb40000701bc54790 format= -1 caller= android.view.ViewRootImpl.updateBlastSurfaceIfNeeded:3574 android.view.ViewRootImpl.relayoutWindow:11685 android.view.ViewRootImpl.performTraversals:4804 android.view.ViewRootImpl.doTraversal:3924 android.view.ViewRootImpl$TraversalRunnable.run:12903 android.view.Choreographer$CallbackRecord.run:1901 
10-03 19:39:37.496 19018 19018 I VRI[MainActivity]@69782ee: Relayout returned: old=(0,0,2960,1848) new=(0,0,2960,1848) relayoutAsync=false req=(2960,1848)0 dur=2 res=0x0 s={true 0xb40000720bc60fc0} ch=false seqId=0
10-03 19:39:37.497 19018 19018 I VRI[MainActivity]@69782ee: registerCallbackForPendingTransactions
10-03 19:39:37.497 19018 19018 I View    : setRequestedFrameRate frameRate=-4.0, this=android.webkit.WebView{236f58a VFEDHVC.. ........ 0,53-2960,1822 #7f0a02d3 app:id/web_view}, caller=android.view.ViewGroup.setRequestedFrameRate:9952 WV.ef.b:1 WV.fg.h:118 WV.fg.onDraw:7 com.android.webview.chromium.WebViewChromium.onDraw:35 
10-03 19:39:37.497 19018 19070 I VRI[MainActivity]@69782ee: mWNT: t=0xb4000070cbc4fad0 mBlastBufferQueue=0xb4000071abc38220 fn= 74 HdrRenderState mRenderHdrSdrRatio=1.0 caller= android.view.ViewRootImpl$10.onFrameDraw:6536 android.view.ViewRootImpl$4.onFrameDraw:2489 android.view.ThreadedRenderer$1.onFrameDraw:718 
10-03 19:39:37.801 19018 19018 I View    : setRequestedFrameRate frameRate=-4.0, this=android.webkit.WebView{236f58a VFEDHVC.. ........ 0,53-2960,1822 #7f0a02d3 app:id/web_view}, caller=android.view.ViewGroup.setRequestedFrameRate:9952 WV.ef.b:1 WV.fg.h:118 WV.fg.onDraw:7 com.android.webview.chromium.WebViewChromium.onDraw:35 
10-03 19:39:37.808 19018 19018 I View    : setRequestedFrameRate frameRate=-4.0, this=android.webkit.WebView{236f58a VFEDHVC.. ........ 0,53-2960,1822 #7f0a02d3 app:id/web_view}, caller=android.view.ViewGroup.setRequestedFrameRate:9952 WV.ef.b:1 WV.fg.h:118 WV.fg.onDraw:7 com.android.webview.chromium.WebViewChromium.onDraw:35 
10-03 19:39:38.016 19018 19018 I View    : setRequestedFrameRate frameRate=-4.0, this=android.webkit.WebView{236f58a VFEDHVC.. ........ 0,53-2960,1822 #7f0a02d3 app:id/web_view}, caller=android.view.ViewGroup.setRequestedFrameRate:9952 WV.ef.b:1 WV.fg.h:118 WV.fg.onDraw:7 com.android.webview.chromium.WebViewChromium.onDraw:35 
10-03 19:39:38.027 19018 19018 I View    : setRequestedFrameRate frameRate=-4.0, this=android.webkit.WebView{236f58a VFEDHVC.. ........ 0,53-2960,1822 #7f0a02d3 app:id/web_view}, caller=android.view.ViewGroup.setRequestedFrameRate:9952 WV.ef.b:1 WV.fg.h:118 WV.fg.onDraw:7 com.android.webview.chromium.WebViewChromium.onDraw:35 
10-03 19:39:38.038 19018 19018 I View    : setRequestedFrameRate frameRate=-4.0, this=android.webkit.WebView{236f58a VFEDHVC.. ........ 0,53-2960,1822 #7f0a02d3 app:id/web_view}, caller=android.view.ViewGroup.setRequestedFrameRate:9952 WV.ef.b:1 WV.fg.h:118 WV.fg.onDraw:7 com.android.webview.chromium.WebViewChromium.onDraw:35 
10-03 19:39:38.065 19018 19018 I View    : setRequestedFrameRate frameRate=-4.0, this=android.webkit.WebView{236f58a VFEDHVC.. ........ 0,53-2960,1822 #7f0a02d3 app:id/web_view}, caller=android.view.ViewGroup.setRequestedFrameRate:9952 WV.ef.b:1 WV.fg.h:118 WV.fg.onDraw:7 com.android.webview.chromium.WebViewChromium.onDraw:35 
10-03 19:39:38.075 19018 19018 I View    : setRequestedFrameRate frameRate=-4.0, this=android.webkit.WebView{236f58a VFEDHVC.. ........ 0,53-2960,1822 #7f0a02d3 app:id/web_view}, caller=android.view.ViewGroup.setRequestedFrameRate:9952 WV.ef.b:1 WV.fg.h:118 WV.fg.onDraw:7 com.android.webview.chromium.WebViewChromium.onDraw:35 
10-03 19:39:38.083 19018 19018 I View    : setRequestedFrameRate frameRate=-4.0, this=android.webkit.WebView{236f58a VFEDHVC.. ........ 0,53-2960,1822 #7f0a02d3 app:id/web_view}, caller=android.view.ViewGroup.setRequestedFrameRate:9952 WV.ef.b:1 WV.fg.h:118 WV.fg.onDraw:7 com.android.webview.chromium.WebViewChromium.onDraw:35 
10-03 19:39:38.092 19018 19018 I View    : setRequestedFrameRate frameRate=-4.0, this=android.webkit.WebView{236f58a VFEDHVC.. ........ 0,53-2960,1822 #7f0a02d3 app:id/web_view}, caller=android.view.ViewGroup.setRequestedFrameRate:9952 WV.ef.b:1 WV.fg.h:118 WV.fg.onDraw:7 com.android.webview.chromium.WebViewChromium.onDraw:35 
10-03 19:39:38.100 19018 19018 I View    : setRequestedFrameRate frameRate=-4.0, this=android.webkit.WebView{236f58a VFEDHVC.. ........ 0,53-2960,1822 #7f0a02d3 app:id/web_view}, caller=android.view.ViewGroup.setRequestedFrameRate:9952 WV.ef.b:1 WV.fg.h:118 WV.fg.onDraw:7 com.android.webview.chromium.WebViewChromium.onDraw:35 
10-03 19:39:38.109 19018 19018 I View    : setRequestedFrameRate frameRate=-4.0, this=android.webkit.WebView{236f58a VFEDHVC.. ........ 0,53-2960,1822 #7f0a02d3 app:id/web_view}, caller=android.view.ViewGroup.setRequestedFrameRate:9952 WV.ef.b:1 WV.fg.h:118 WV.fg.onDraw:7 com.android.webview.chromium.WebViewChromium.onDraw:35 
10-03 19:39:38.117 19018 19018 I View    : setRequestedFrameRate frameRate=-4.0, this=android.webkit.WebView{236f58a VFEDHVC.. ........ 0,53-2960,1822 #7f0a02d3 app:id/web_view}, caller=android.view.ViewGroup.setRequestedFrameRate:9952 WV.ef.b:1 WV.fg.h:118 WV.fg.onDraw:7 com.android.webview.chromium.WebViewChromium.onDraw:35 
10-03 19:39:38.126 19018 19018 I View    : setRequestedFrameRate frameRate=-4.0, this=android.webkit.WebView{236f58a VFEDHVC.. ........ 0,53-2960,1822 #7f0a02d3 app:id/web_view}, caller=android.view.ViewGroup.setRequestedFrameRate:9952 WV.ef.b:1 WV.fg.h:118 WV.fg.onDraw:7 com.android.webview.chromium.WebViewChromium.onDraw:35 
10-03 19:39:38.133 19018 19018 I View    : setRequestedFrameRate frameRate=-4.0, this=android.webkit.WebView{236f58a VFEDHVC.. ........ 0,53-2960,1822 #7f0a02d3 app:id/web_view}, caller=android.view.ViewGroup.setRequestedFrameRate:9952 WV.ef.b:1 WV.fg.h:118 WV.fg.onDraw:7 com.android.webview.chromium.WebViewChromium.onDraw:35 
10-03 19:39:38.142 19018 19018 I View    : setRequestedFrameRate frameRate=-4.0, this=android.webkit.WebView{236f58a VFEDHVC.. ........ 0,53-2960,1822 #7f0a02d3 app:id/web_view}, caller=android.view.ViewGroup.setRequestedFrameRate:9952 WV.ef.b:1 WV.fg.h:118 WV.fg.onDraw:7 com.android.webview.chromium.WebViewChromium.onDraw:35 
10-03 19:39:38.150 19018 19018 I View    : setRequestedFrameRate frameRate=-4.0, this=android.webkit.WebView{236f58a VFEDHVC.. ........ 0,53-2960,1822 #7f0a02d3 app:id/web_view}, caller=android.view.ViewGroup.setRequestedFrameRate:9952 WV.ef.b:1 WV.fg.h:118 WV.fg.onDraw:7 com.android.webview.chromium.WebViewChromium.onDraw:35 
10-03 19:39:38.158 19018 19018 I View    : setRequestedFrameRate frameRate=-4.0, this=android.webkit.WebView{236f58a VFEDHVC.. ........ 0,53-2960,1822 #7f0a02d3 app:id/web_view}, caller=android.view.ViewGroup.setRequestedFrameRate:9952 WV.ef.b:1 WV.fg.h:118 WV.fg.onDraw:7 com.android.webview.chromium.WebViewChromium.onDraw:35 
10-03 19:39:38.167 19018 19018 I View    : setRequestedFrameRate frameRate=-4.0, this=android.webkit.WebView{236f58a VFEDHVC.. ........ 0,53-2960,1822 #7f0a02d3 app:id/web_view}, caller=android.view.ViewGroup.setRequestedFrameRate:9952 WV.ef.b:1 WV.fg.h:118 WV.fg.onDraw:7 com.android.webview.chromium.WebViewChromium.onDraw:35 
10-03 19:39:38.175 19018 19018 I View    : setRequestedFrameRate frameRate=-4.0, this=android.webkit.WebView{236f58a VFEDHVC.. ........ 0,53-2960,1822 #7f0a02d3 app:id/web_view}, caller=android.view.ViewGroup.setRequestedFrameRate:9952 WV.ef.b:1 WV.fg.h:118 WV.fg.onDraw:7 com.android.webview.chromium.WebViewChromium.onDraw:35 
10-03 19:39:38.183 19018 19018 I View    : setRequestedFrameRate frameRate=-4.0, this=android.webkit.WebView{236f58a VFEDHVC.. ........ 0,53-2960,1822 #7f0a02d3 app:id/web_view}, caller=android.view.ViewGroup.setRequestedFrameRate:9952 WV.ef.b:1 WV.fg.h:118 WV.fg.onDraw:7 com.android.webview.chromium.WebViewChromium.onDraw:35 
10-03 19:39:38.191 19018 19018 I View    : setRequestedFrameRate frameRate=-4.0, this=android.webkit.WebView{236f58a VFEDHVC.. ........ 0,53-2960,1822 #7f0a02d3 app:id/web_view}, caller=android.view.ViewGroup.setRequestedFrameRate:9952 WV.ef.b:1 WV.fg.h:118 WV.fg.onDraw:7 com.android.webview.chromium.WebViewChromium.onDraw:35 
10-03 19:39:38.201 19018 19018 I View    : setRequestedFrameRate frameRate=-4.0, this=android.webkit.WebView{236f58a VFEDHVC.. ........ 0,53-2960,1822 #7f0a02d3 app:id/web_view}, caller=android.view.ViewGroup.setRequestedFrameRate:9952 WV.ef.b:1 WV.fg.h:118 WV.fg.onDraw:7 com.android.webview.chromium.WebViewChromium.onDraw:35 
10-03 19:39:38.207 19018 19018 I View    : setRequestedFrameRate frameRate=-4.0, this=android.webkit.WebView{236f58a VFEDHVC.. ........ 0,53-2960,1822 #7f0a02d3 app:id/web_view}, caller=android.view.ViewGroup.setRequestedFrameRate:9952 WV.ef.b:1 WV.fg.h:118 WV.fg.onDraw:7 com.android.webview.chromium.WebViewChromium.onDraw:35 
10-03 19:39:38.216 19018 19018 I View    : setRequestedFrameRate frameRate=-4.0, this=android.webkit.WebView{236f58a VFEDHVC.. ........ 0,53-2960,1822 #7f0a02d3 app:id/web_view}, caller=android.view.ViewGroup.setRequestedFrameRate:9952 WV.ef.b:1 WV.fg.h:118 WV.fg.onDraw:7 com.android.webview.chromium.WebViewChromium.onDraw:35 
10-03 19:39:38.225 19018 19018 I View    : setRequestedFrameRate frameRate=-4.0, this=android.webkit.WebView{236f58a VFEDHVC.. ........ 0,53-2960,1822 #7f0a02d3 app:id/web_view}, caller=android.view.ViewGroup.setRequestedFrameRate:9952 WV.ef.b:1 WV.fg.h:118 WV.fg.onDraw:7 com.android.webview.chromium.WebViewChromium.onDraw:35 
10-03 19:39:38.233 19018 19018 I View    : setRequestedFrameRate frameRate=-4.0, this=android.webkit.WebView{236f58a VFEDHVC.. ........ 0,53-2960,1822 #7f0a02d3 app:id/web_view}, caller=android.view.ViewGroup.setRequestedFrameRate:9952 WV.ef.b:1 WV.fg.h:118 WV.fg.onDraw:7 com.android.webview.chromium.WebViewChromium.onDraw:35 
10-03 19:39:38.241 19018 19018 I View    : setRequestedFrameRate frameRate=-4.0, this=android.webkit.WebView{236f58a VFEDHVC.. ........ 0,53-2960,1822 #7f0a02d3 app:id/web_view}, caller=android.view.ViewGroup.setRequestedFrameRate:9952 WV.ef.b:1 WV.fg.h:118 WV.fg.onDraw:7 com.android.webview.chromium.WebViewChromium.onDraw:35 
10-03 19:39:38.249 19018 19018 I View    : setRequestedFrameRate frameRate=-4.0, this=android.webkit.WebView{236f58a VFEDHVC.. ........ 0,53-2960,1822 #7f0a02d3 app:id/web_view}, caller=android.view.ViewGroup.setRequestedFrameRate:9952 WV.ef.b:1 WV.fg.h:118 WV.fg.onDraw:7 com.android.webview.chromium.WebViewChromium.onDraw:35 
10-03 19:39:38.258 19018 19018 I View    : setRequestedFrameRate frameRate=-4.0, this=android.webkit.WebView{236f58a VFEDHVC.. ........ 0,53-2960,1822 #7f0a02d3 app:id/web_view}, caller=android.view.ViewGroup.setRequestedFrameRate:9952 WV.ef.b:1 WV.fg.h:118 WV.fg.onDraw:7 com.android.webview.chromium.WebViewChromium.onDraw:35 
10-03 19:39:38.267 19018 19018 I View    : setRequestedFrameRate frameRate=-4.0, this=android.webkit.WebView{236f58a VFEDHVC.. ........ 0,53-2960,1822 #7f0a02d3 app:id/web_view}, caller=android.view.ViewGroup.setRequestedFrameRate:9952 WV.ef.b:1 WV.fg.h:118 WV.fg.onDraw:7 com.android.webview.chromium.WebViewChromium.onDraw:35 
10-03 19:39:38.275 19018 19018 I View    : setRequestedFrameRate frameRate=-4.0, this=android.webkit.WebView{236f58a VFEDHVC.. ........ 0,53-2960,1822 #7f0a02d3 app:id/web_view}, caller=android.view.ViewGroup.setRequestedFrameRate:9952 WV.ef.b:1 WV.fg.h:118 WV.fg.onDraw:7 com.android.webview.chromium.WebViewChromium.onDraw:35 
10-03 19:39:38.283 19018 19018 I View    : setRequestedFrameRate frameRate=-4.0, this=android.webkit.WebView{236f58a VFEDHVC.. ........ 0,53-2960,1822 #7f0a02d3 app:id/web_view}, caller=android.view.ViewGroup.setRequestedFrameRate:9952 WV.ef.b:1 WV.fg.h:118 WV.fg.onDraw:7 com.android.webview.chromium.WebViewChromium.onDraw:35 
10-03 19:39:38.292 19018 19018 I View    : setRequestedFrameRate frameRate=-4.0, this=android.webkit.WebView{236f58a VFEDHVC.. ........ 0,53-2960,1822 #7f0a02d3 app:id/web_view}, caller=android.view.ViewGroup.setRequestedFrameRate:9952 WV.ef.b:1 WV.fg.h:118 WV.fg.onDraw:7 com.android.webview.chromium.WebViewChromium.onDraw:35 
10-03 19:39:38.299 19018 19018 I View    : setRequestedFrameRate frameRate=-4.0, this=android.webkit.WebView{236f58a VFEDHVC.. ........ 0,53-2960,1822 #7f0a02d3 app:id/web_view}, caller=android.view.ViewGroup.setRequestedFrameRate:9952 WV.ef.b:1 WV.fg.h:118 WV.fg.onDraw:7 com.android.webview.chromium.WebViewChromium.onDraw:35 
10-03 19:39:38.309 19018 19018 I View    : setRequestedFrameRate frameRate=-4.0, this=android.webkit.WebView{236f58a VFEDHVC.. ........ 0,53-2960,1822 #7f0a02d3 app:id/web_view}, caller=android.view.ViewGroup.setRequestedFrameRate:9952 WV.ef.b:1 WV.fg.h:118 WV.fg.onDraw:7 com.android.webview.chromium.WebViewChromium.onDraw:35 
10-03 19:39:38.317 19018 19018 I View    : setRequestedFrameRate frameRate=-4.0, this=android.webkit.WebView{236f58a VFEDHVC.. ........ 0,53-2960,1822 #7f0a02d3 app:id/web_view}, caller=android.view.ViewGroup.setRequestedFrameRate:9952 WV.ef.b:1 WV.fg.h:118 WV.fg.onDraw:7 com.android.webview.chromium.WebViewChromium.onDraw:35 
10-03 19:39:38.325 19018 19018 I View    : setRequestedFrameRate frameRate=-4.0, this=android.webkit.WebView{236f58a VFEDHVC.. ........ 0,53-2960,1822 #7f0a02d3 app:id/web_view}, caller=android.view.ViewGroup.setRequestedFrameRate:9952 WV.ef.b:1 WV.fg.h:118 WV.fg.onDraw:7 com.android.webview.chromium.WebViewChromium.onDraw:35 
10-03 19:39:38.334 19018 19018 I View    : setRequestedFrameRate frameRate=-4.0, this=android.webkit.WebView{236f58a VFEDHVC.. ........ 0,53-2960,1822 #7f0a02d3 app:id/web_view}, caller=android.view.ViewGroup.setRequestedFrameRate:9952 WV.ef.b:1 WV.fg.h:118 WV.fg.onDraw:7 com.android.webview.chromium.WebViewChromium.onDraw:35 
10-03 19:39:38.342 19018 19018 I View    : setRequestedFrameRate frameRate=-4.0, this=android.webkit.WebView{236f58a VFEDHVC.. ........ 0,53-2960,1822 #7f0a02d3 app:id/web_view}, caller=android.view.ViewGroup.setRequestedFrameRate:9952 WV.ef.b:1 WV.fg.h:118 WV.fg.onDraw:7 com.android.webview.chromium.WebViewChromium.onDraw:35 
10-03 19:39:38.350 19018 19018 I View    : setRequestedFrameRate frameRate=-4.0, this=android.webkit.WebView{236f58a VFEDHVC.. ........ 0,53-2960,1822 #7f0a02d3 app:id/web_view}, caller=android.view.ViewGroup.setRequestedFrameRate:9952 WV.ef.b:1 WV.fg.h:118 WV.fg.onDraw:7 com.android.webview.chromium.WebViewChromium.onDraw:35 
10-03 19:39:38.358 19018 19018 I View    : setRequestedFrameRate frameRate=-4.0, this=android.webkit.WebView{236f58a VFEDHVC.. ........ 0,53-2960,1822 #7f0a02d3 app:id/web_view}, caller=android.view.ViewGroup.setRequestedFrameRate:9952 WV.ef.b:1 WV.fg.h:118 WV.fg.onDraw:7 com.android.webview.chromium.WebViewChromium.onDraw:35 
10-03 19:39:38.366 19018 19018 I View    : setRequestedFrameRate frameRate=-4.0, this=android.webkit.WebView{236f58a VFEDHVC.. ........ 0,53-2960,1822 #7f0a02d3 app:id/web_view}, caller=android.view.ViewGroup.setRequestedFrameRate:9952 WV.ef.b:1 WV.fg.h:118 WV.fg.onDraw:7 com.android.webview.chromium.WebViewChromium.onDraw:35 
10-03 19:39:38.374 19018 19018 I View    : setRequestedFrameRate frameRate=-4.0, this=android.webkit.WebView{236f58a VFEDHVC.. ........ 0,53-2960,1822 #7f0a02d3 app:id/web_view}, caller=android.view.ViewGroup.setRequestedFrameRate:9952 WV.ef.b:1 WV.fg.h:118 WV.fg.onDraw:7 com.android.webview.chromium.WebViewChromium.onDraw:35 
10-03 19:39:38.383 19018 19018 I View    : setRequestedFrameRate frameRate=-4.0, this=android.webkit.WebView{236f58a VFEDHVC.. ........ 0,53-2960,1822 #7f0a02d3 app:id/web_view}, caller=android.view.ViewGroup.setRequestedFrameRate:9952 WV.ef.b:1 WV.fg.h:118 WV.fg.onDraw:7 com.android.webview.chromium.WebViewChromium.onDraw:35 
10-03 19:39:38.391 19018 19018 I View    : setRequestedFrameRate frameRate=-4.0, this=android.webkit.WebView{236f58a VFEDHVC.. ........ 0,53-2960,1822 #7f0a02d3 app:id/web_view}, caller=android.view.ViewGroup.setRequestedFrameRate:9952 WV.ef.b:1 WV.fg.h:118 WV.fg.onDraw:7 com.android.webview.chromium.WebViewChromium.onDraw:35 
10-03 19:39:38.399 19018 19018 I View    : setRequestedFrameRate frameRate=-4.0, this=android.webkit.WebView{236f58a VFEDHVC.. ........ 0,53-2960,1822 #7f0a02d3 app:id/web_view}, caller=android.view.ViewGroup.setRequestedFrameRate:9952 WV.ef.b:1 WV.fg.h:118 WV.fg.onDraw:7 com.android.webview.chromium.WebViewChromium.onDraw:35 
10-03 19:39:38.408 19018 19018 I View    : setRequestedFrameRate frameRate=-4.0, this=android.webkit.WebView{236f58a VFEDHVC.. ........ 0,53-2960,1822 #7f0a02d3 app:id/web_view}, caller=android.view.ViewGroup.setRequestedFrameRate:9952 WV.ef.b:1 WV.fg.h:118 WV.fg.onDraw:7 com.android.webview.chromium.WebViewChromium.onDraw:35 
10-03 19:39:38.416 19018 19018 I View    : setRequestedFrameRate frameRate=-4.0, this=android.webkit.WebView{236f58a VFEDHVC.. ........ 0,53-2960,1822 #7f0a02d3 app:id/web_view}, caller=android.view.ViewGroup.setRequestedFrameRate:9952 WV.ef.b:1 WV.fg.h:118 WV.fg.onDraw:7 com.android.webview.chromium.WebViewChromium.onDraw:35 
10-03 19:39:38.425 19018 19018 I View    : setRequestedFrameRate frameRate=-4.0, this=android.webkit.WebView{236f58a VFEDHVC.. ........ 0,53-2960,1822 #7f0a02d3 app:id/web_view}, caller=android.view.ViewGroup.setRequestedFrameRate:9952 WV.ef.b:1 WV.fg.h:118 WV.fg.onDraw:7 com.android.webview.chromium.WebViewChromium.onDraw:35 
10-03 19:39:38.433 19018 19018 I View    : setRequestedFrameRate frameRate=-4.0, this=android.webkit.WebView{236f58a VFEDHVC.. ........ 0,53-2960,1822 #7f0a02d3 app:id/web_view}, caller=android.view.ViewGroup.setRequestedFrameRate:9952 WV.ef.b:1 WV.fg.h:118 WV.fg.onDraw:7 com.android.webview.chromium.WebViewChromium.onDraw:35 
10-03 19:39:38.442 19018 19018 I View    : setRequestedFrameRate frameRate=-4.0, this=android.webkit.WebView{236f58a VFEDHVC.. ........ 0,53-2960,1822 #7f0a02d3 app:id/web_view}, caller=android.view.ViewGroup.setRequestedFrameRate:9952 WV.ef.b:1 WV.fg.h:118 WV.fg.onDraw:7 com.android.webview.chromium.WebViewChromium.onDraw:35 
10-03 19:39:38.450 19018 19018 I View    : setRequestedFrameRate frameRate=-4.0, this=android.webkit.WebView{236f58a VFEDHVC.. ........ 0,53-2960,1822 #7f0a02d3 app:id/web_view}, caller=android.view.ViewGroup.setRequestedFrameRate:9952 WV.ef.b:1 WV.fg.h:118 WV.fg.onDraw:7 com.android.webview.chromium.WebViewChromium.onDraw:35 
10-03 19:39:38.457 19018 19018 I View    : setRequestedFrameRate frameRate=-4.0, this=android.webkit.WebView{236f58a VFEDHVC.. ........ 0,53-2960,1822 #7f0a02d3 app:id/web_view}, caller=android.view.ViewGroup.setRequestedFrameRate:9952 WV.ef.b:1 WV.fg.h:118 WV.fg.onDraw:7 com.android.webview.chromium.WebViewChromium.onDraw:35 
10-03 19:39:38.462 19018 19018 I Kumiho-Kumiho: getPackageName: org.jellyfin.mobile
10-03 19:39:38.464 19018 19018 I Kumiho-Kumiho: getPackageName: org.jellyfin.mobile
